------------------------------------
 Good news: 
 Your project.ptx file is ready for
 the 2.0.0 release of PreTeXt-CLI.
------------------------------------

PreTeXt project found in `C:\Users\Floris\Documents\interlanguage\04_mirrors\id\point-set-topology-id\repo`.
No change in assets requiring generating detected.  To force regeneration of assets, use `-g` flag.

PreTeXt source passed schema validation.
warning: Destroying directory C:\Users\Floris\Documents\interlanguage\04_mirrors\id\point-set-topology-id\repo\output\chapters01-07-pdf to clean previously built files.
Building with custom xsl C:\Users\Floris\Documents\interlanguage\04_mirrors\id\point-set-topology-id\repo\xsl\custom-latex.xsl specified in project.ptx
Preparing to build into C:\Users\Floris\Documents\interlanguage\04_mirrors\id\point-set-topology-id\repo\output\chapters01-07-pdf.

Now building LaTeX into C:\Users\Floris\Documents\interlanguage\04_mirrors\id\point-set-topology-id\repo\output\chapters01-07-pdf

discovering source file's directory name: C:\Users\Floris\Documents\interlanguage\04_mirrors\id\point-set-topology-id\repo\source
verifying and expanding input directory: C:\Users\Floris\Documents\interlanguage\04_mirrors\id\point-set-topology-id\repo\source\../generated-assets
input directory expanded to absolute path: C:\Users\Floris\Documents\interlanguage\04_mirrors\id\point-set-topology-id\repo\generated-assets
verifying and expanding input directory: C:\Users\Floris\Documents\interlanguage\04_mirrors\id\point-set-topology-id\repo\source\../assets
input directory expanded to absolute path: C:\Users\Floris\Documents\interlanguage\04_mirrors\id\point-set-topology-id\repo\assets
converting C:\Users\Floris\Documents\interlanguage\04_mirrors\id\point-set-topology-id\repo\source\chapters_01_07_reader.ptx to LaTeX as C:\Users\Floris\AppData\Local\Temp\tmpxk_tjhox\chapters_01_07_reader.tex
XSL conversion of C:\Users\Floris\Documents\interlanguage\04_mirrors\id\point-set-topology-id\repo\source\chapters_01_07_reader.ptx by C:/Users/Floris/AppData/Local/Temp/tmpeip_ouvq/custom-latex.xsl
comprehensive messages, warnings, and errors:
successful application of C:/Users/Floris/AppData/Local/Temp/tmpeip_ouvq/custom-latex.xsl
This is XeTeX, Version 3.141592653-2.6-0.999998 (MiKTeX 26.5) (preloaded format=xelatex.fmt)
 restricted \write18 enabled.
entering extended mode
(chapters_01_07_reader.tex
LaTeX2e <2025-11-01>
L3 programming layer <2026-03-20>
(C:\Users\Floris\AppData\Local\Programs\MiKTeX\tex/latex/base\book.cls
Document Class: book 2025/01/22 v1.4n Standard LaTeX document class
(C:\Users\Floris\AppData\Local\Programs\MiKTeX\tex/latex/base\bk10.clo))
(C:\Users\Floris\AppData\Local\Programs\MiKTeX\tex/latex/geometry\geometry.sty
(C:\Users\Floris\AppData\Local\Programs\MiKTeX\tex/latex/graphics\keyval.sty)
(C:\Users\Floris\AppData\Local\Programs\MiKTeX\tex/generic/iftex\ifvtex.sty
(C:\Users\Floris\AppData\Local\Programs\MiKTeX\tex/generic/iftex\iftex.sty))
(C:\Users\Floris\AppData\Local\Programs\MiKTeX\tex/latex/geometry\geometry.cfg)
) (C:\Users\Floris\AppData\Local\Programs\MiKTeX\tex/latex/base\ifthen.sty)
(C:\Users\Floris\AppData\Local\Programs\MiKTeX\tex/latex/etoolbox\etoolbox.sty)
 (C:\Users\Floris\AppData\Local\Programs\MiKTeX\tex/generic/iftex\ifxetex.sty)
(C:\Users\Floris\AppData\Local\Programs\MiKTeX\tex/generic/iftex\ifluatex.sty)
(C:\Users\Floris\AppData\Local\Programs\MiKTeX\tex/latex/graphics\graphicx.sty
(C:\Users\Floris\AppData\Local\Programs\MiKTeX\tex/latex/graphics\graphics.sty
(C:\Users\Floris\AppData\Local\Programs\MiKTeX\tex/latex/graphics\trig.sty)
(C:\Users\Floris\AppData\Local\Programs\MiKTeX\tex/latex/graphics-cfg\graphics.
cfg)
(C:\Users\Floris\AppData\Local\Programs\MiKTeX\tex/latex/graphics-def\xetex.def
))) (C:\Users\Floris\AppData\Local\Programs\MiKTeX\tex/latex/xcolor\xcolor.sty
(C:\Users\Floris\AppData\Local\Programs\MiKTeX\tex/latex/graphics-cfg\color.cfg
)

Package xcolor Warning: Package option `usenames' is obsolete and ignored on in
put line 265.


(C:\Users\Floris\AppData\Local\Programs\MiKTeX\tex/latex/graphics\mathcolor.ltx
))
(C:\Users\Floris\AppData\Local\Programs\MiKTeX\tex/latex/graphics\dvipsnam.def)
 (C:\Users\Floris\AppData\Local\Programs\MiKTeX\tex/latex/xcolor\svgnam.def)
(C:\Users\Floris\AppData\Local\Programs\MiKTeX\tex/latex/colortbl\colortbl.sty
(C:\Users\Floris\AppData\Local\Programs\MiKTeX\tex/latex/tools\array.sty))
(C:\Users\Floris\AppData\Local\Programs\MiKTeX\tex/latex/tcolorbox\tcolorbox.st
y
(C:\Users\Floris\AppData\Local\Programs\MiKTeX\tex/latex/pgf/frontendlayer\tikz
.sty
(C:\Users\Floris\AppData\Local\Programs\MiKTeX\tex/latex/pgf/basiclayer\pgf.sty

(C:\Users\Floris\AppData\Local\Programs\MiKTeX\tex/latex/pgf/utilities\pgfrcs.s
ty
(C:\Users\Floris\AppData\Local\Programs\MiKTeX\tex/generic/pgf/utilities\pgfuti
l-common.tex)
(C:\Users\Floris\AppData\Local\Programs\MiKTeX\tex/generic/pgf/utilities\pgfuti
l-latex.def)
(C:\Users\Floris\AppData\Local\Programs\MiKTeX\tex/generic/pgf/utilities\pgfrcs
.code.tex
(C:\Users\Floris\AppData\Local\Programs\MiKTeX\tex/generic/pgf\pgf.revision.tex
)))
(C:\Users\Floris\AppData\Local\Programs\MiKTeX\tex/latex/pgf/basiclayer\pgfcore
.sty
(C:\Users\Floris\AppData\Local\Programs\MiKTeX\tex/latex/pgf/systemlayer\pgfsys
.sty
(C:\Users\Floris\AppData\Local\Programs\MiKTeX\tex/generic/pgf/systemlayer\pgfs
ys.code.tex
(C:\Users\Floris\AppData\Local\Programs\MiKTeX\tex/generic/pgf/utilities\pgfkey
s.code.tex
(C:\Users\Floris\AppData\Local\Programs\MiKTeX\tex/generic/pgf/utilities\pgfkey
slibraryfiltered.code.tex))
(C:\Users\Floris\AppData\Local\Programs\MiKTeX\tex/generic/pgf/systemlayer\pgf.
cfg)
(C:\Users\Floris\AppData\Local\Programs\MiKTeX\tex/generic/pgf/systemlayer\pgfs
ys-xetex.def
(C:\Users\Floris\AppData\Local\Programs\MiKTeX\tex/generic/pgf/systemlayer\pgfs
ys-dvipdfmx.def
(C:\Users\Floris\AppData\Local\Programs\MiKTeX\tex/generic/pgf/systemlayer\pgfs
ys-common-pdf.def))))
(C:\Users\Floris\AppData\Local\Programs\MiKTeX\tex/generic/pgf/systemlayer\pgfs
yssoftpath.code.tex)
(C:\Users\Floris\AppData\Local\Programs\MiKTeX\tex/generic/pgf/systemlayer\pgfs
ysprotocol.code.tex))
(C:\Users\Floris\AppData\Local\Programs\MiKTeX\tex/generic/pgf/basiclayer\pgfco
re.code.tex
(C:\Users\Floris\AppData\Local\Programs\MiKTeX\tex/generic/pgf/math\pgfmath.cod
e.tex
(C:\Users\Floris\AppData\Local\Programs\MiKTeX\tex/generic/pgf/math\pgfmathutil
.code.tex)
(C:\Users\Floris\AppData\Local\Programs\MiKTeX\tex/generic/pgf/math\pgfmathpars
er.code.tex)
(C:\Users\Floris\AppData\Local\Programs\MiKTeX\tex/generic/pgf/math\pgfmathfunc
tions.code.tex)
(C:\Users\Floris\AppData\Local\Programs\MiKTeX\tex/generic/pgf/math\pgfmathfunc
tions.basic.code.tex)
(C:\Users\Floris\AppData\Local\Programs\MiKTeX\tex/generic/pgf/math\pgfmathfunc
tions.trigonometric.code.tex)
(C:\Users\Floris\AppData\Local\Programs\MiKTeX\tex/generic/pgf/math\pgfmathfunc
tions.random.code.tex)
(C:\Users\Floris\AppData\Local\Programs\MiKTeX\tex/generic/pgf/math\pgfmathfunc
tions.comparison.code.tex)
(C:\Users\Floris\AppData\Local\Programs\MiKTeX\tex/generic/pgf/math\pgfmathfunc
tions.base.code.tex)
(C:\Users\Floris\AppData\Local\Programs\MiKTeX\tex/generic/pgf/math\pgfmathfunc
tions.round.code.tex)
(C:\Users\Floris\AppData\Local\Programs\MiKTeX\tex/generic/pgf/math\pgfmathfunc
tions.misc.code.tex)
(C:\Users\Floris\AppData\Local\Programs\MiKTeX\tex/generic/pgf/math\pgfmathfunc
tions.integerarithmetics.code.tex)
(C:\Users\Floris\AppData\Local\Programs\MiKTeX\tex/generic/pgf/math\pgfmathcalc
.code.tex)
(C:\Users\Floris\AppData\Local\Programs\MiKTeX\tex/generic/pgf/math\pgfmathfloa
t.code.tex))
(C:\Users\Floris\AppData\Local\Programs\MiKTeX\tex/generic/pgf/math\pgfint.code
.tex)
(C:\Users\Floris\AppData\Local\Programs\MiKTeX\tex/generic/pgf/basiclayer\pgfco
repoints.code.tex)
(C:\Users\Floris\AppData\Local\Programs\MiKTeX\tex/generic/pgf/basiclayer\pgfco
repathconstruct.code.tex)
(C:\Users\Floris\AppData\Local\Programs\MiKTeX\tex/generic/pgf/basiclayer\pgfco
repathusage.code.tex)
(C:\Users\Floris\AppData\Local\Programs\MiKTeX\tex/generic/pgf/basiclayer\pgfco
rescopes.code.tex)
(C:\Users\Floris\AppData\Local\Programs\MiKTeX\tex/generic/pgf/basiclayer\pgfco
regraphicstate.code.tex)
(C:\Users\Floris\AppData\Local\Programs\MiKTeX\tex/generic/pgf/basiclayer\pgfco
retransformations.code.tex)
(C:\Users\Floris\AppData\Local\Programs\MiKTeX\tex/generic/pgf/basiclayer\pgfco
requick.code.tex)
(C:\Users\Floris\AppData\Local\Programs\MiKTeX\tex/generic/pgf/basiclayer\pgfco
reobjects.code.tex)
(C:\Users\Floris\AppData\Local\Programs\MiKTeX\tex/generic/pgf/basiclayer\pgfco
repathprocessing.code.tex)
(C:\Users\Floris\AppData\Local\Programs\MiKTeX\tex/generic/pgf/basiclayer\pgfco
rearrows.code.tex)
(C:\Users\Floris\AppData\Local\Programs\MiKTeX\tex/generic/pgf/basiclayer\pgfco
reshade.code.tex)
(C:\Users\Floris\AppData\Local\Programs\MiKTeX\tex/generic/pgf/basiclayer\pgfco
reimage.code.tex)
(C:\Users\Floris\AppData\Local\Programs\MiKTeX\tex/generic/pgf/basiclayer\pgfco
reexternal.code.tex)
(C:\Users\Floris\AppData\Local\Programs\MiKTeX\tex/generic/pgf/basiclayer\pgfco
relayers.code.tex)
(C:\Users\Floris\AppData\Local\Programs\MiKTeX\tex/generic/pgf/basiclayer\pgfco
retransparency.code.tex)
(C:\Users\Floris\AppData\Local\Programs\MiKTeX\tex/generic/pgf/basiclayer\pgfco
repatterns.code.tex)
(C:\Users\Floris\AppData\Local\Programs\MiKTeX\tex/generic/pgf/basiclayer\pgfco
rerdf.code.tex)))
(C:\Users\Floris\AppData\Local\Programs\MiKTeX\tex/generic/pgf/modules\pgfmodul
eshapes.code.tex)
(C:\Users\Floris\AppData\Local\Programs\MiKTeX\tex/generic/pgf/modules\pgfmodul
eplot.code.tex)
(C:\Users\Floris\AppData\Local\Programs\MiKTeX\tex/latex/pgf/compatibility\pgfc
omp-version-0-65.sty)
(C:\Users\Floris\AppData\Local\Programs\MiKTeX\tex/latex/pgf/compatibility\pgfc
omp-version-1-18.sty))
(C:\Users\Floris\AppData\Local\Programs\MiKTeX\tex/latex/pgf/utilities\pgffor.s
ty
(C:\Users\Floris\AppData\Local\Programs\MiKTeX\tex/latex/pgf/utilities\pgfkeys.
sty
(C:\Users\Floris\AppData\Local\Programs\MiKTeX\tex/generic/pgf/utilities\pgfkey
s.code.tex))
(C:\Users\Floris\AppData\Local\Programs\MiKTeX\tex/latex/pgf/math\pgfmath.sty
(C:\Users\Floris\AppData\Local\Programs\MiKTeX\tex/generic/pgf/math\pgfmath.cod
e.tex))
(C:\Users\Floris\AppData\Local\Programs\MiKTeX\tex/generic/pgf/utilities\pgffor
.code.tex))
(C:\Users\Floris\AppData\Local\Programs\MiKTeX\tex/generic/pgf/frontendlayer/ti
kz\tikz.code.tex
(C:\Users\Floris\AppData\Local\Programs\MiKTeX\tex/generic/pgf/libraries\pgflib
raryplothandlers.code.tex)
(C:\Users\Floris\AppData\Local\Programs\MiKTeX\tex/generic/pgf/modules\pgfmodul
ematrix.code.tex)
(C:\Users\Floris\AppData\Local\Programs\MiKTeX\tex/generic/pgf/frontendlayer/ti
kz/libraries\tikzlibrarytopaths.code.tex)))
(C:\Users\Floris\AppData\Local\Programs\MiKTeX\tex/latex/tools\verbatim.sty)
(C:\Users\Floris\AppData\Local\Programs\MiKTeX\tex/latex/environ\environ.sty
(C:\Users\Floris\AppData\Local\Programs\MiKTeX\tex/latex/trimspaces\trimspaces.
sty)))
(C:\Users\Floris\AppData\Local\Programs\MiKTeX\tex/latex/tcolorbox\tcbskins.cod
e.tex
Library (tcolorbox): 'tcbskins.code.tex' version '6.9.0'

(C:\Users\Floris\AppData\Local\Programs\MiKTeX\tex/latex/tikzfill\tikzfill.imag
e.sty
(C:\Users\Floris\AppData\Local\Programs\MiKTeX\tex/latex/tikzfill\tikzlibraryfi
ll.image.code.tex))
(C:\Users\Floris\AppData\Local\Programs\MiKTeX\tex/latex/tcolorbox\tcbskinsjigs
aw.code.tex
Library (tcolorbox): 'tcbskinsjigsaw.code.tex' version '6.9.0'
))
(C:\Users\Floris\AppData\Local\Programs\MiKTeX\tex/latex/tcolorbox\tcbbreakable
.code.tex
Library (tcolorbox): 'tcbbreakable.code.tex' version '6.9.0'
(C:\Users\Floris\AppData\Local\Programs\MiKTeX\tex/latex/pdfcol\pdfcol.sty
(C:\Users\Floris\AppData\Local\Programs\MiKTeX\tex/generic/ltxcmds\ltxcmds.sty)

(C:\Users\Floris\AppData\Local\Programs\MiKTeX\tex/generic/infwarerr\infwarerr.
sty)))
(C:\Users\Floris\AppData\Local\Programs\MiKTeX\tex/latex/tcolorbox\tcbraster.co
de.tex
Library (tcolorbox): 'tcbraster.code.tex' version '6.9.0'
)
(C:\Users\Floris\AppData\Local\Programs\MiKTeX\tex/latex/tcolorbox\tcbxparse.co
de.tex
Library (tcolorbox): 'tcbxparse.code.tex' version '6.9.0'

(C:\Users\Floris\AppData\Local\Programs\MiKTeX\tex/latex/l3packages/xparse\xpar
se.sty
(C:\Users\Floris\AppData\Local\Programs\MiKTeX\tex/latex/l3kernel\expl3.sty
(C:\Users\Floris\AppData\Local\Programs\MiKTeX\tex/latex/l3backend\l3backend-xe
tex.def))))
(C:\Users\Floris\AppData\Local\Programs\MiKTeX\tex/generic/pgf/frontendlayer/ti
kz/libraries\tikzlibrarycalc.code.tex)
(C:\Users\Floris\AppData\Local\Programs\MiKTeX\tex/latex/xstring\xstring.sty
(C:\Users\Floris\AppData\Local\Programs\MiKTeX\tex/generic/xstring\xstring.tex)
)

Package geometry Warning: Over-specification in `h'-direction.
    `width' (340.0pt) is ignored.


Package geometry Warning: Over-specification in `v'-direction.
    `height' (650.43pt) is ignored.

(C:\Users\Floris\AppData\Local\Programs\MiKTeX\tex/latex/xltxtra\xltxtra.sty
(C:\Users\Floris\AppData\Local\Programs\MiKTeX\tex/latex/fontspec\fontspec.sty
(C:\Users\Floris\AppData\Local\Programs\MiKTeX\tex/latex/fontspec\fontspec-xete
x.sty (C:\Users\Floris\AppData\Local\Programs\MiKTeX\tex/latex/base\fontenc.sty
)
(C:\Users\Floris\AppData\Local\Programs\MiKTeX\tex/latex/fontspec\fontspec.cfg)
))
(C:\Users\Floris\AppData\Local\Programs\MiKTeX\tex/latex/realscripts\realscript
s.sty)
(C:\Users\Floris\AppData\Local\Programs\MiKTeX\tex/latex/metalogo\metalogo.sty)
) (C:\Users\Floris\AppData\Local\Programs\MiKTeX\tex/latex/inconsolata\zi4.sty
`inconsolata-zi4' v1.12, 2019/05/17 Text macros for Inconsolata (msharpe)
(C:\Users\Floris\AppData\Local\Programs\MiKTeX\tex/latex/base\textcomp.sty)
(C:\Users\Floris\AppData\Local\Programs\MiKTeX\tex/latex/xkeyval\xkeyval.sty
(C:\Users\Floris\AppData\Local\Programs\MiKTeX\tex/generic/xkeyval\xkeyval.tex
(C:\Users\Floris\AppData\Local\Programs\MiKTeX\tex/generic/xkeyval\xkvutils.tex
))))
(C:\Users\Floris\AppData\Local\Programs\MiKTeX\tex/latex/polyglossia\polyglossi
a.sty
(C:\Users\Floris\AppData\Local\Programs\MiKTeX\tex/latex/polyglossia\gloss-late
x.ldf))
(C:\Users\Floris\AppData\Local\Programs\MiKTeX\tex/latex/polyglossia\gloss-engl
ish.ldf)
(C:\Users\Floris\AppData\Local\Programs\MiKTeX\tex/latex/microtype\microtype.st
y
(C:\Users\Floris\AppData\Local\Programs\MiKTeX\tex/latex/microtype\microtype-xe
tex.def)
(C:\Users\Floris\AppData\Local\Programs\MiKTeX\tex/latex/microtype\microtype.cf
g))
(C:\Users\Floris\AppData\Local\Programs\MiKTeX\tex/latex/amsmath\amsmath.sty
For additional information on amsmath, use the `?' option.
(C:\Users\Floris\AppData\Local\Programs\MiKTeX\tex/latex/amsmath\amstext.sty
(C:\Users\Floris\AppData\Local\Programs\MiKTeX\tex/latex/amsmath\amsgen.sty))
(C:\Users\Floris\AppData\Local\Programs\MiKTeX\tex/latex/amsmath\amsbsy.sty)
(C:\Users\Floris\AppData\Local\Programs\MiKTeX\tex/latex/amsmath\amsopn.sty))
(C:\Users\Floris\AppData\Local\Programs\MiKTeX\tex/latex/amsmath\amscd.sty)
(C:\Users\Floris\AppData\Local\Programs\MiKTeX\tex/latex/amsfonts\amssymb.sty
(C:\Users\Floris\AppData\Local\Programs\MiKTeX\tex/latex/amsfonts\amsfonts.sty)
)
(C:\Users\Floris\AppData\Local\Programs\MiKTeX\tex/latex/titlesec\titlesec.sty
(C:\Users\Floris\AppData\Local\Programs\MiKTeX\tex/latex/titlesec\titleps.sty))
(C:\Users\Floris\AppData\Local\Programs\MiKTeX\tex/latex/titlesec\titletoc.sty)
(C:\Users\Floris\AppData\Local\Programs\MiKTeX\tex/latex/enumitem\enumitem.sty)
(C:\Users\Floris\AppData\Local\Programs\MiKTeX\tex/latex/imakeidx\imakeidx.sty
(C:\Users\Floris\AppData\Local\Programs\MiKTeX\tex/latex/tools\multicol.sty))
Writing index file chapters_01_07_reader.idx
(C:\Users\Floris\AppData\Local\Programs\MiKTeX\tex/latex/hyperref\hyperref.sty
(C:\Users\Floris\AppData\Local\Programs\MiKTeX\tex/latex/kvsetkeys\kvsetkeys.st
y)
(C:\Users\Floris\AppData\Local\Programs\MiKTeX\tex/generic/kvdefinekeys\kvdefin
ekeys.sty)
(C:\Users\Floris\AppData\Local\Programs\MiKTeX\tex/generic/pdfescape\pdfescape.
sty
(C:\Users\Floris\AppData\Local\Programs\MiKTeX\tex/generic/pdftexcmds\pdftexcmd
s.sty))
(C:\Users\Floris\AppData\Local\Programs\MiKTeX\tex/latex/hycolor\hycolor.sty)
(C:\Users\Floris\AppData\Local\Programs\MiKTeX\tex/latex/hyperref\nameref.sty
(C:\Users\Floris\AppData\Local\Programs\MiKTeX\tex/latex/refcount\refcount.sty)

(C:\Users\Floris\AppData\Local\Programs\MiKTeX\tex/generic/gettitlestring\getti
tlestring.sty
(C:\Users\Floris\AppData\Local\Programs\MiKTeX\tex/latex/kvoptions\kvoptions.st
y)))
(C:\Users\Floris\AppData\Local\Programs\MiKTeX\tex/generic/stringenc\stringenc.
sty)
(C:\Users\Floris\AppData\Local\Programs\MiKTeX\tex/latex/hyperref\pd1enc.def)
(C:\Users\Floris\AppData\Local\Programs\MiKTeX\tex/generic/intcalc\intcalc.sty)
(C:\Users\Floris\AppData\Local\Programs\MiKTeX\tex/latex/hyperref\puenc.def)
(C:\Users\Floris\AppData\Local\Programs\MiKTeX\tex/latex/url\url.sty)
(C:\Users\Floris\AppData\Local\Programs\MiKTeX\tex/generic/bitset\bitset.sty
(C:\Users\Floris\AppData\Local\Programs\MiKTeX\tex/generic/bigintcalc\bigintcal
c.sty)))
(C:\Users\Floris\AppData\Local\Programs\MiKTeX\tex/latex/hyperref\hxetex.def
(C:\Users\Floris\AppData\Local\Programs\MiKTeX\tex/latex/rerunfilecheck\rerunfi
lecheck.sty
(C:\Users\Floris\AppData\Local\Programs\MiKTeX\tex/generic/uniquecounter\unique
counter.sty)))
(C:\Users\Floris\AppData\Local\Programs\MiKTeX\tex/latex/extpfeil\extpfeil.sty
(C:\Users\Floris\AppData\Local\Programs\MiKTeX\tex/latex/mathtools\mathtools.st
y (C:\Users\Floris\AppData\Local\Programs\MiKTeX\tex/latex/tools\calc.sty)
(C:\Users\Floris\AppData\Local\Programs\MiKTeX\tex/latex/mathtools\mhsetup.sty)
)
(C:\Users\Floris\AppData\Local\Programs\MiKTeX\tex/latex/stmaryrd\stmaryrd.sty)
)
No file chapters_01_07_reader.aux.
*geometry* driver: auto-detecting
*geometry* detected driver: xetex
(C:\Users\Floris\AppData\Local\Programs\MiKTeX\tex/latex/upquote\upquote.sty)
(C:\Users\Floris\AppData\Local\Programs\MiKTeX\tex/latex/microtype\mt-LatinMode
rnRoman.cfg)

Package hyperref Warning: Rerun to get /PageLabels entry.

[1] [2] [3]
************************************************
Preface Catatan edisi Bahasa Indonesia
************************************************
[4]
No file chapters_01_07_reader.toc.
[5]
************************************************
Bagian I Himpunan, Fungsi, Ruang Metrik, dan Penerapannya
************************************************
[1]
************************************************
Bab 1 Himpunan
************************************************
Chapter 1.
************************************************
Bagian Pendahuluan
************************************************
(C:\Users\Floris\AppData\Local\Programs\MiKTeX\tex/latex/amsfonts\umsa.fd)
(C:\Users\Floris\AppData\Local\Programs\MiKTeX\tex/latex/microtype\mt-msa.cfg)
(C:\Users\Floris\AppData\Local\Programs\MiKTeX\tex/latex/amsfonts\umsb.fd)
(C:\Users\Floris\AppData\Local\Programs\MiKTeX\tex/latex/microtype\mt-msb.cfg)
(C:\Users\Floris\AppData\Local\Programs\MiKTeX\tex/latex/stmaryrd\ustmry.fd)
(C:\Users\Floris\AppData\Local\Programs\MiKTeX\tex/latex/microtype\mt-cmr.cfg)
[2]
************************************************
Bagian Gagasan Dasar Topologi
************************************************
[3]

LaTeX Warning: Hyper reference `activity-act_rubber_sheet' on page 4 undefined 
on input line 839.


LaTeX Warning: Reference `activity-act_rubber_sheet' on page 4 undefined on inp
ut line 839.


LaTeX Warning: Hyper reference `chapter-chap_functions' on page 4 undefined on 
input line 839.


LaTeX Warning: Reference `chapter-chap_functions' on page 4 undefined on input 
line 839.

************************************************
Bagian Interval
************************************************
************************************************
Bagian Gabungan, Irisan, dan Komplemen Himpunan
************************************************

LaTeX Warning: Hyper reference `activity-act_rubber_sheet' on page 4 undefined 
on input line 875.


LaTeX Warning: Reference `activity-act_rubber_sheet' on page 4 undefined on inp
ut line 875.

[4]

LaTeX Warning: Hyper reference `exploration-pa_sets' on page 5 undefined on inp
ut line 877.


LaTeX Warning: Reference `exploration-pa_sets' on page 5 undefined on input lin
e 877.


LaTeX Warning: Hyper reference `figure-F_Venn' on page 5 undefined on input lin
e 913.


LaTeX Warning: Reference `figure-F_Venn' on page 5 undefined on input line 913.


[5]

LaTeX Warning: Hyper reference `activity-act_set_equality' on page 6 undefined 
on input line 1000.


LaTeX Warning: Reference `activity-act_set_equality' on page 6 undefined on inp
ut line 1000.


LaTeX Warning: Hyper reference `example-ex_set_eq' on page 6 undefined on input
 line 1000.


LaTeX Warning: Reference `example-ex_set_eq' on page 6 undefined on input line 
1000.

[6]

LaTeX Warning: Hyper reference `activity-act_sets_1' on page 7 undefined on inp
ut line 1017.


LaTeX Warning: Reference `activity-act_sets_1' on page 7 undefined on input lin
e 1017.

[7]

LaTeX Warning: Hyper reference `activity-act_sets_1' on page 8 undefined on inp
ut line 1043.


LaTeX Warning: Reference `activity-act_sets_1' on page 8 undefined on input lin
e 1043.

************************************************
Bagian Hasil Kali Kartesius Himpunan
************************************************
[8]
************************************************
Bagian Ringkasan
************************************************
[9]
************************************************
Latihan Latihan
************************************************
[10] [11]
************************************************
Bab 2 Fungsi
************************************************
[12]
Chapter 2.
************************************************
Bagian Pendahuluan
************************************************
[13] [14]
************************************************
Bagian Komposisi Fungsi
************************************************
[15]

LaTeX Warning: Hyper reference `activity-act_functions_1' on page 16 undefined 
on input line 1482.


LaTeX Warning: Reference `activity-act_functions_1' on page 16 undefined on inp
ut line 1482.

[16]

LaTeX Warning: Hyper reference `activity-act_composition2' on page 17 undefined
 on input line 1495.


LaTeX Warning: Reference `activity-act_composition2' on page 17 undefined on in
put line 1495.


LaTeX Warning: Hyper reference `theorem-thm_compositefunctions' on page 17 unde
fined on input line 1507.


LaTeX Warning: Reference `theorem-thm_compositefunctions' on page 17 undefined 
on input line 1507.


LaTeX Warning: Hyper reference `theorem-thm_compositefunctions' on page 17 unde
fined on input line 1508.


LaTeX Warning: Reference `theorem-thm_compositefunctions' on page 17 undefined 
on input line 1508.


LaTeX Warning: Hyper reference `theorem-thm_compositefunctions' on page 17 unde
fined on input line 1509.


LaTeX Warning: Reference `theorem-thm_compositefunctions' on page 17 undefined 
on input line 1509.

************************************************
Bagian Fungsi Invers
************************************************

LaTeX Warning: Hyper reference `activity-prog_exploringinverse' on page 17 unde
fined on input line 1531.


LaTeX Warning: Reference `activity-prog_exploringinverse' on page 17 undefined 
on input line 1531.

[17]

LaTeX Warning: Hyper reference `activity-prog_exploringinverse' on page 18 unde
fined on input line 1552.


LaTeX Warning: Reference `activity-prog_exploringinverse' on page 18 undefined 
on input line 1552.


LaTeX Warning: Hyper reference `theorem-T_inverseandbijection' on page 18 undef
ined on input line 1556.


LaTeX Warning: Reference `theorem-T_inverseandbijection' on page 18 undefined o
n input line 1556.


LaTeX Warning: Hyper reference `theorem-T_inverseandbijection' on page 18 undef
ined on input line 1558.


LaTeX Warning: Reference `theorem-T_inverseandbijection' on page 18 undefined o
n input line 1558.


LaTeX Warning: Hyper reference `definition-def_function' on page 18 undefined o
n input line 1560.


LaTeX Warning: Reference `definition-def_function' on page 18 undefined on inpu
t line 1560.


LaTeX Warning: Hyper reference `theorem-T_inversenotation' on page 18 undefined
 on input line 1576.


LaTeX Warning: Reference `theorem-T_inversenotation' on page 18 undefined on in
put line 1576.

[18]

LaTeX Warning: Hyper reference `activity-act_comp_inverse' on page 19 undefined
 on input line 1609.


LaTeX Warning: Reference `activity-act_comp_inverse' on page 19 undefined on in
put line 1609.

************************************************
Bagian Fungsi dan Himpunan
************************************************
[19]

LaTeX Warning: Hyper reference `lemma-lem_functions_subsets' on page 20 undefin
ed on input line 1653.


LaTeX Warning: Reference `lemma-lem_functions_subsets' on page 20 undefined on 
input line 1653.

************************************************
Bagian Kardinalitas Himpunan
************************************************
[20]
************************************************
Bagian Ringkasan
************************************************
[21]
************************************************
Latihan Latihan
************************************************

LaTeX Warning: Hyper reference `table-T_Sec_2_fn_example' on page 22 undefined 
on input line 1746.


LaTeX Warning: Reference `table-T_Sec_2_fn_example' on page 22 undefined on inp
ut line 1746.

[22] [23] [24] [25]
************************************************
Bab 3 Ruang Metrik
************************************************
[26]
Chapter 3.
************************************************
Bagian Pendahuluan
************************************************

LaTeX Warning: Hyper reference `figure-F_Euclidean_metric' on page 27 undefined
 on input line 1932.


LaTeX Warning: Reference `figure-F_Euclidean_metric' on page 27 undefined on in
put line 1932.

[27]

LaTeX Warning: Hyper reference `lemma-lem_abs_TI' on page 28 undefined on input
 line 2002.


LaTeX Warning: Reference `lemma-lem_abs_TI' on page 28 undefined on input line 
2002.


LaTeX Warning: Hyper reference `lemma-lem_abs_TI' on page 28 undefined on input
 line 2002.


LaTeX Warning: Reference `lemma-lem_abs_TI' on page 28 undefined on input line 
2002.


LaTeX Warning: Hyper reference `figure-F_PA_metric' on page 28 undefined on inp
ut line 2009.


LaTeX Warning: Reference `figure-F_PA_metric' on page 28 undefined on input lin
e 2009.

[28]
************************************************
Bagian Ruang Metrik
************************************************
[29]

LaTeX Warning: Hyper reference `table-T_finite_metric_ex' on page 30 undefined 
on input line 2066.


LaTeX Warning: Reference `table-T_finite_metric_ex' on page 30 undefined on inp
ut line 2066.

[30]

LaTeX Warning: Hyper reference `example-exp_finite_ms' on page 31 undefined on 
input line 2103.


LaTeX Warning: Reference `example-exp_finite_ms' on page 31 undefined on input 
line 2103.


LaTeX Warning: Hyper reference `example-exp_finite_ms' on page 31 undefined on 
input line 2103.


LaTeX Warning: Reference `example-exp_finite_ms' on page 31 undefined on input 
line 2103.


LaTeX Warning: Hyper reference `figure-F_Graph_metric' on page 31 undefined on 
input line 2103.


LaTeX Warning: Reference `figure-F_Graph_metric' on page 31 undefined on input 
line 2103.


LaTeX Warning: Hyper reference `activity-act_MS_metrics' on page 31 undefined o
n input line 2110.


LaTeX Warning: Reference `activity-act_MS_metrics' on page 31 undefined on inpu
t line 2110.

************************************************
Bagian Metrik Euklides pada \(\mathbb {R}^n\)
************************************************
[31]

LaTeX Warning: Hyper reference `men-eq_SL' on page 32 undefined on input line 2
175.


LaTeX Warning: Reference `men-eq_SL' on page 32 undefined on input line 2175.


LaTeX Warning: Hyper reference `mrow-eq_SL_1' on page 32 undefined on input lin
e 2195.


LaTeX Warning: Reference `mrow-eq_SL_1' on page 32 undefined on input line 2195
.

[32]

LaTeX Warning: Hyper reference `corollary-cor_SL' on page 33 undefined on input
 line 2231.


LaTeX Warning: Reference `corollary-cor_SL' on page 33 undefined on input line 
2231.


LaTeX Warning: Hyper reference `corollary-cor_SL' on page 33 undefined on input
 line 2232.


LaTeX Warning: Reference `corollary-cor_SL' on page 33 undefined on input line 
2232.


LaTeX Warning: Hyper reference `corollary-cor_SL' on page 33 undefined on input
 line 2235.


LaTeX Warning: Reference `corollary-cor_SL' on page 33 undefined on input line 
2235.

[33]

LaTeX Warning: Hyper reference `corollary-cor_SL' on page 34 undefined on input
 line 2252.


LaTeX Warning: Reference `corollary-cor_SL' on page 34 undefined on input line 
2252.

************************************************
Bagian Ringkasan
************************************************
[34]
************************************************
Latihan Latihan
************************************************
[35]

LaTeX Warning: Hyper reference `definition-def_ms_open_ball' on page 36 undefin
ed on input line 2375.


LaTeX Warning: Reference `definition-def_ms_open_ball' on page 36 undefined on 
input line 2375.

[36] [37]

LaTeX Warning: Hyper reference `figure-F_concave' on page 38 undefined on input
 line 2483.


LaTeX Warning: Reference `figure-F_concave' on page 38 undefined on input line 
2483.


LaTeX Warning: Hyper reference `men-eq_concave' on page 38 undefined on input l
ine 2483.


LaTeX Warning: Reference `men-eq_concave' on page 38 undefined on input line 24
83.


LaTeX Warning: Hyper reference `men-eq_concave' on page 38 undefined on input l
ine 2500.


LaTeX Warning: Reference `men-eq_concave' on page 38 undefined on input line 25
00.

[38]
************************************************
Bab 4 Penerapan Ruang Metrik
************************************************
[39]
Chapter 4.
************************************************
Bagian Pendahuluan
************************************************
************************************************
Bagian Metrik Hamming
************************************************
[40]
************************************************
Bagian Metrik Levenshtein
************************************************
[41]
************************************************
Bab 5 Batas Bawah Terbesar
************************************************
[42]
Chapter 5.
************************************************
Bagian Pendahuluan
************************************************
[43]
************************************************
Bagian Jarak dari Titik ke Himpunan
************************************************
[44]
************************************************
Bagian Ringkasan
************************************************
[45]
************************************************
Latihan Latihan
************************************************
[46]

LaTeX Warning: Hyper reference `theorem-thm_Archimedean_2' on page 47 undefined
 on input line 2842.


LaTeX Warning: Reference `theorem-thm_Archimedean_2' on page 47 undefined on in
put line 2842.


LaTeX Warning: Hyper reference `theorem-thm_Archimedean_2' on page 47 undefined
 on input line 2843.


LaTeX Warning: Reference `theorem-thm_Archimedean_2' on page 47 undefined on in
put line 2843.


LaTeX Warning: Hyper reference `theorem-thm_Archimedean_2' on page 47 undefined
 on input line 2843.


LaTeX Warning: Reference `theorem-thm_Archimedean_2' on page 47 undefined on in
put line 2843.


LaTeX Warning: Hyper reference `theorem-thm_Archimedean_3' on page 47 undefined
 on input line 2845.


LaTeX Warning: Reference `theorem-thm_Archimedean_3' on page 47 undefined on in
put line 2845.

[47]
Underfull \hbox (badness 1043) in paragraph at lines 2886--2887
[]\TU/lmr/m/n/10 Langkah pertama adalah menunjukkan keberadaan suatu bilangan i
rasional. Kita akan
[48]
************************************************
Bab 6 Fungsi Kontinu di Ruang Metrik
************************************************
[49]
Chapter 6.
************************************************
Bagian Pendahuluan
************************************************
[50]

LaTeX Warning: Hyper reference `figure-F_Continuity' on page 51 undefined on in
put line 2976.


LaTeX Warning: Reference `figure-F_Continuity' on page 51 undefined on input li
ne 2976.


LaTeX Warning: Hyper reference `figure-F_Continuity' on page 51 undefined on in
put line 2978.


LaTeX Warning: Reference `figure-F_Continuity' on page 51 undefined on input li
ne 2978.

[51]
************************************************
Bagian Fungsi Kontinu antara Ruang-Ruang Metrik
************************************************

LaTeX Warning: Hyper reference `definition-def_epsilon_delta_continuity' on pag
e 52 undefined on input line 3012.


LaTeX Warning: Reference `definition-def_epsilon_delta_continuity' on page 52 u
ndefined on input line 3012.

[52] [53]

LaTeX Warning: Hyper reference `example-exp_not_continuous' on page 54 undefine
d on input line 3097.


LaTeX Warning: Reference `example-exp_not_continuous' on page 54 undefined on i
nput line 3097.

************************************************
Bagian Komposit Fungsi Kontinu
************************************************
[54]
************************************************
Bagian Ringkasan
************************************************
************************************************
Latihan Latihan
************************************************
[55] [56] [57]
************************************************
Bab 7 Bola Terbuka dan Lingkungan pada Ruang Metrik
************************************************
[58]
Chapter 7.
************************************************
Bagian Pendahuluan
************************************************
[59]
************************************************
Bagian Lingkungan
************************************************
[60]

LaTeX Warning: Hyper reference `figure-F_Open_ball_neighborhood' on page 61 und
efined on input line 3374.


LaTeX Warning: Reference `figure-F_Open_ball_neighborhood' on page 61 undefined
 on input line 3374.

************************************************
Bagian Kekontinuan dan Lingkungan
************************************************
[61]

LaTeX Warning: Hyper reference `activity-act_OB_1' on page 62 undefined on inpu
t line 3409.


LaTeX Warning: Reference `activity-act_OB_1' on page 62 undefined on input line
 3409.


LaTeX Warning: Hyper reference `theorem-thm_open_ball_continuity' on page 62 un
defined on input line 3429.


LaTeX Warning: Reference `theorem-thm_open_ball_continuity' on page 62 undefine
d on input line 3429.

[62]
************************************************
Bagian Ringkasan
************************************************
************************************************
Latihan Latihan
************************************************
[63]

LaTeX Warning: Hyper reference `chapter-chap_metric_spaces' on page 64 undefine
d on input line 3502.


LaTeX Warning: Reference `chapter-chap_metric_spaces' on page 64 undefined on i
nput line 3502.


LaTeX Warning: Hyper reference `figure-F_Graph_metric_ex' on page 64 undefined 
on input line 3502.


LaTeX Warning: Reference `figure-F_Graph_metric_ex' on page 64 undefined on inp
ut line 3502.

[64] [65] [66] [67]
************************************************
Lampiran A Pendamping Mandiri Bab 1: Himpunan
************************************************
Appendix A.

Overfull \hbox (9.81952pt too wide) in paragraph at lines 3573--3573
|\TU/lmr/bx/n/24.88 Pendamping Mandiri Bab 1: Himpunan| 
************************************************
Bagian Pemeriksaan aktivitas
************************************************
[68] [69]
Overfull \hbox (6.48035pt too wide) in paragraph at lines 3660--3662
\TU/lmr/bx/n/10 Jawaban\TU/lmr/m/n/10 .[] Hasilnya ialah $\OMS/cmsy/m/n/10 f\OT
1/cmr/m/n/10 ([]\OML/cmm/m/it/10 ; []\OT1/cmr/m/n/10 )\OML/cmm/m/it/10 ; \OT1/c
mr/m/n/10 ([]\OML/cmm/m/it/10 ; []\OT1/cmr/m/n/10 )\OML/cmm/m/it/10 ; \OT1/cmr/
m/n/10 ([]\OML/cmm/m/it/10 ; []\OT1/cmr/m/n/10 )\OML/cmm/m/it/10 ; \OT1/cmr/m/n
/10 ([]\OML/cmm/m/it/10 ; []\OT1/cmr/m/n/10 )\OML/cmm/m/it/10 ; \OT1/cmr/m/n/10
 ([]\OML/cmm/m/it/10 ; []\OT1/cmr/m/n/10 )\OML/cmm/m/it/10 ; \OT1/cmr/m/n/10 ([
]\OML/cmm/m/it/10 ; []\OT1/cmr/m/n/10 )\OMS/cmsy/m/n/10 g$\TU/lmr/m/n/10 .
************************************************
Bagian Jawaban dan panduan sepuluh latihan
************************************************
[70] [71]
************************************************
Bagian Uji penguasaan
************************************************
[72]
************************************************
Bagian Diagnostik kesalahan ringkas
************************************************
[73]
************************************************
Lampiran B Pendamping Mandiri Bab 2: Fungsi
************************************************
[74]
Appendix B.
************************************************
Bagian Pemeriksaan eksplorasi dan aktivitas
************************************************

LaTeX Warning: Hyper reference `activity-act_functions_1' on page 75 undefined 
on input line 3913.


LaTeX Warning: Reference `activity-act_functions_1' on page 75 undefined on inp
ut line 3913.

[75]

LaTeX Warning: Hyper reference `activity-act_composition2' on page 76 undefined
 on input line 3924.


LaTeX Warning: Reference `activity-act_composition2' on page 76 undefined on in
put line 3924.


LaTeX Warning: Hyper reference `theorem-thm_compositefunctions' on page 76 unde
fined on input line 3935.


LaTeX Warning: Reference `theorem-thm_compositefunctions' on page 76 undefined 
on input line 3935.


LaTeX Warning: Hyper reference `activity-prog_exploringinverse' on page 76 unde
fined on input line 3946.


LaTeX Warning: Reference `activity-prog_exploringinverse' on page 76 undefined 
on input line 3946.

[76]

LaTeX Warning: Hyper reference `theorem-T_inverseandbijection' on page 77 undef
ined on input line 3957.


LaTeX Warning: Reference `theorem-T_inverseandbijection' on page 77 undefined o
n input line 3957.


LaTeX Warning: Hyper reference `activity-act_comp_inverse' on page 77 undefined
 on input line 3968.


LaTeX Warning: Reference `activity-act_comp_inverse' on page 77 undefined on in
put line 3968.

************************************************
Bagian Uji penguasaan
************************************************
[77] [78]
************************************************
Bagian Diagnostik kesalahan ringkas
************************************************
************************************************
Bagian Panduan dan pembahasan tujuh belas latihan
************************************************
[79] [80] [81] [82] [83] [84]
************************************************
Lampiran C Pendamping Mandiri Bab 3: Ruang Metrik
************************************************
[85]
Appendix C.
************************************************
Bagian Pemeriksaan eksplorasi dan aktivitas
************************************************

LaTeX Warning: Hyper reference `activity-act_MS_metrics' on page 86 undefined o
n input line 4351.


LaTeX Warning: Reference `activity-act_MS_metrics' on page 86 undefined on inpu
t line 4351.

[86]

LaTeX Warning: Hyper reference `corollary-cor_SL' on page 87 undefined on input
 line 4382.


LaTeX Warning: Reference `corollary-cor_SL' on page 87 undefined on input line 
4382.

[87]

LaTeX Warning: Hyper reference `corollary-cor_SL' on page 88 undefined on input
 line 4391.


LaTeX Warning: Reference `corollary-cor_SL' on page 88 undefined on input line 
4391.


LaTeX Warning: Hyper reference `corollary-cor_SL' on page 88 undefined on input
 line 4395.


LaTeX Warning: Reference `corollary-cor_SL' on page 88 undefined on input line 
4395.

************************************************
Bagian Uji penguasaan
************************************************

LaTeX Warning: Hyper reference `figure-F_Graph_metric' on page 88 undefined on 
input line 4440.


LaTeX Warning: Reference `figure-F_Graph_metric' on page 88 undefined on input 
line 4440.

[88] [89]
************************************************
Bagian Diagnostik kesalahan ringkas
************************************************
************************************************
Bagian Panduan dan pembahasan empat belas latihan
************************************************
[90] [91] [92] [93]
************************************************
Lampiran D Pendamping Mandiri Bab 4: Penerapan Ruang Metrik
************************************************
[94]
Appendix D.

Overfull \hbox (10.19273pt too wide) in paragraph at lines 4707--4707
|\TU/lmr/bx/n/24.88 Pendamping Mandiri Bab 4: Penerapan
************************************************
Bagian Panduan untuk tugas sumber
************************************************

LaTeX Warning: Hyper reference `section-sec_hamming' on page 95 undefined on in
put line 4721.


LaTeX Warning: Hyper reference `section-sec_levenshtein' on page 95 undefined o
n input line 4721.

[95] [96] [97]
************************************************
Bagian Uji penguasaan
************************************************
[98]
************************************************
Lampiran E Pendamping Mandiri Bab 5: Batas Bawah Terbesar
************************************************
[99]
Appendix E.
************************************************
Bagian Panduan untuk kegiatan pendahuluan
************************************************
[100] [101]
************************************************
Bagian Panduan untuk jarak titik ke himpunan
************************************************
[102]
************************************************
Bagian Panduan latihan sumber, bagian pertama
************************************************
[103] [104] [105] [106] [107] [108]
************************************************
Bagian Panduan latihan sumber, bagian kedua
************************************************
[109] [110] [111] [112] [113] [114]
************************************************
Bagian Pemeriksaan penguasaan dan transfer
************************************************
[115] [116] [117]
************************************************
Lampiran F Pendamping Mandiri Bab 6: Fungsi Kontinu pada Ruang Metrik
************************************************
[118]
Appendix F.
************************************************
Bagian Panduan kegiatan sumber
************************************************
[119] [120] [121] [122]
************************************************
Bagian Panduan latihan sumber, bagian pertama
************************************************
[123] [124] [125]
************************************************
Bagian Panduan latihan sumber, bagian kedua
************************************************
[126] [127] [128] [129] [130]
************************************************
Bagian Pemeriksaan penguasaan dan transfer
************************************************
[131] [132] [133]
************************************************
Lampiran G Pendamping Mandiri Bab 7: Bola Terbuka dan Lingkungan
************************************************
[134]
Appendix G.

Underfull \hbox (badness 1158) in paragraph at lines 6535--6535
|\TU/lmr/bx/n/24.88 Pendamping Mandiri Bab 7: Bola
************************************************
Bagian Panduan kegiatan sumber
************************************************
[135] [136] [137] [138]
Overfull \hbox (4.59637pt too wide) in paragraph at lines 6741--6743
[]\TU/lmr/bx/n/10 Pemeriksaan G.15  Membuka definisi lingkungan prapeta. []\TU/
lmr/m/n/10 Uraikan kesimpulan bahwa $\OML/cmm/m/it/10 f[]\OT1/cmr/m/n/10 (\OML/
cmm/m/it/10 B\OT1/cmr/m/n/10 (\OML/cmm/m/it/10 f\OT1/cmr/m/n/10 (\OML/cmm/m/it/
10 a\OT1/cmr/m/n/10 )\OML/cmm/m/it/10 ; ^^O\OT1/cmr/m/n/10 ))$
************************************************
Bagian Panduan latihan sumber, bagian pertama
************************************************
[139] [140] [141] [142] [143]
************************************************
Bagian Panduan latihan sumber, bagian kedua
************************************************
[144] [145] [146]
************************************************
Bagian Pemeriksaan penguasaan Bab 7
************************************************
[147] [148] [149]This is makeindex, version 2.18 [MiKTeX 26.5].
Scanning input file chapters_01_07_reader.idx....done (47 entries accepted, 0 rejected).
Sorting entries....done (271 comparisons).
Generating output file chapters_01_07_reader.ind....done (84 lines written, 0 warnings).
Output written in chapters_01_07_reader.ind.
Transcript written in chapters_01_07_reader.ilg.
 (chapters_01_07_reader.ind) [150] (chapters_01_07_reader.aux)

LaTeX Warning: There were undefined references.


LaTeX Warning: Label(s) may have changed. Rerun to get cross-references right.


Package rerunfilecheck Warning: File `chapters_01_07_reader.out' has changed.
(rerunfilecheck)                Rerun to get outlines right
(rerunfilecheck)                or use package `bookmark'.

 )
(see the transcript file for additional information)
Output written on chapters_01_07_reader.pdf (155 pages).
Transcript written on chapters_01_07_reader.log.
This is XeTeX, Version 3.141592653-2.6-0.999998 (MiKTeX 26.5) (preloaded format=xelatex.fmt)
 restricted \write18 enabled.
entering extended mode
(chapters_01_07_reader.tex
LaTeX2e <2025-11-01>
L3 programming layer <2026-03-20>
(C:\Users\Floris\AppData\Local\Programs\MiKTeX\tex/latex/base\book.cls
Document Class: book 2025/01/22 v1.4n Standard LaTeX document class
(C:\Users\Floris\AppData\Local\Programs\MiKTeX\tex/latex/base\bk10.clo))
(C:\Users\Floris\AppData\Local\Programs\MiKTeX\tex/latex/geometry\geometry.sty
(C:\Users\Floris\AppData\Local\Programs\MiKTeX\tex/latex/graphics\keyval.sty)
(C:\Users\Floris\AppData\Local\Programs\MiKTeX\tex/generic/iftex\ifvtex.sty
(C:\Users\Floris\AppData\Local\Programs\MiKTeX\tex/generic/iftex\iftex.sty))
(C:\Users\Floris\AppData\Local\Programs\MiKTeX\tex/latex/geometry\geometry.cfg)
) (C:\Users\Floris\AppData\Local\Programs\MiKTeX\tex/latex/base\ifthen.sty)
(C:\Users\Floris\AppData\Local\Programs\MiKTeX\tex/latex/etoolbox\etoolbox.sty)
 (C:\Users\Floris\AppData\Local\Programs\MiKTeX\tex/generic/iftex\ifxetex.sty)
(C:\Users\Floris\AppData\Local\Programs\MiKTeX\tex/generic/iftex\ifluatex.sty)
(C:\Users\Floris\AppData\Local\Programs\MiKTeX\tex/latex/graphics\graphicx.sty
(C:\Users\Floris\AppData\Local\Programs\MiKTeX\tex/latex/graphics\graphics.sty
(C:\Users\Floris\AppData\Local\Programs\MiKTeX\tex/latex/graphics\trig.sty)
(C:\Users\Floris\AppData\Local\Programs\MiKTeX\tex/latex/graphics-cfg\graphics.
cfg)
(C:\Users\Floris\AppData\Local\Programs\MiKTeX\tex/latex/graphics-def\xetex.def
))) (C:\Users\Floris\AppData\Local\Programs\MiKTeX\tex/latex/xcolor\xcolor.sty
(C:\Users\Floris\AppData\Local\Programs\MiKTeX\tex/latex/graphics-cfg\color.cfg
)

Package xcolor Warning: Package option `usenames' is obsolete and ignored on in
put line 265.


(C:\Users\Floris\AppData\Local\Programs\MiKTeX\tex/latex/graphics\mathcolor.ltx
))
(C:\Users\Floris\AppData\Local\Programs\MiKTeX\tex/latex/graphics\dvipsnam.def)
 (C:\Users\Floris\AppData\Local\Programs\MiKTeX\tex/latex/xcolor\svgnam.def)
(C:\Users\Floris\AppData\Local\Programs\MiKTeX\tex/latex/colortbl\colortbl.sty
(C:\Users\Floris\AppData\Local\Programs\MiKTeX\tex/latex/tools\array.sty))
(C:\Users\Floris\AppData\Local\Programs\MiKTeX\tex/latex/tcolorbox\tcolorbox.st
y
(C:\Users\Floris\AppData\Local\Programs\MiKTeX\tex/latex/pgf/frontendlayer\tikz
.sty
(C:\Users\Floris\AppData\Local\Programs\MiKTeX\tex/latex/pgf/basiclayer\pgf.sty

(C:\Users\Floris\AppData\Local\Programs\MiKTeX\tex/latex/pgf/utilities\pgfrcs.s
ty
(C:\Users\Floris\AppData\Local\Programs\MiKTeX\tex/generic/pgf/utilities\pgfuti
l-common.tex)
(C:\Users\Floris\AppData\Local\Programs\MiKTeX\tex/generic/pgf/utilities\pgfuti
l-latex.def)
(C:\Users\Floris\AppData\Local\Programs\MiKTeX\tex/generic/pgf/utilities\pgfrcs
.code.tex
(C:\Users\Floris\AppData\Local\Programs\MiKTeX\tex/generic/pgf\pgf.revision.tex
)))
(C:\Users\Floris\AppData\Local\Programs\MiKTeX\tex/latex/pgf/basiclayer\pgfcore
.sty
(C:\Users\Floris\AppData\Local\Programs\MiKTeX\tex/latex/pgf/systemlayer\pgfsys
.sty
(C:\Users\Floris\AppData\Local\Programs\MiKTeX\tex/generic/pgf/systemlayer\pgfs
ys.code.tex
(C:\Users\Floris\AppData\Local\Programs\MiKTeX\tex/generic/pgf/utilities\pgfkey
s.code.tex
(C:\Users\Floris\AppData\Local\Programs\MiKTeX\tex/generic/pgf/utilities\pgfkey
slibraryfiltered.code.tex))
(C:\Users\Floris\AppData\Local\Programs\MiKTeX\tex/generic/pgf/systemlayer\pgf.
cfg)
(C:\Users\Floris\AppData\Local\Programs\MiKTeX\tex/generic/pgf/systemlayer\pgfs
ys-xetex.def
(C:\Users\Floris\AppData\Local\Programs\MiKTeX\tex/generic/pgf/systemlayer\pgfs
ys-dvipdfmx.def
(C:\Users\Floris\AppData\Local\Programs\MiKTeX\tex/generic/pgf/systemlayer\pgfs
ys-common-pdf.def))))
(C:\Users\Floris\AppData\Local\Programs\MiKTeX\tex/generic/pgf/systemlayer\pgfs
yssoftpath.code.tex)
(C:\Users\Floris\AppData\Local\Programs\MiKTeX\tex/generic/pgf/systemlayer\pgfs
ysprotocol.code.tex))
(C:\Users\Floris\AppData\Local\Programs\MiKTeX\tex/generic/pgf/basiclayer\pgfco
re.code.tex
(C:\Users\Floris\AppData\Local\Programs\MiKTeX\tex/generic/pgf/math\pgfmath.cod
e.tex
(C:\Users\Floris\AppData\Local\Programs\MiKTeX\tex/generic/pgf/math\pgfmathutil
.code.tex)
(C:\Users\Floris\AppData\Local\Programs\MiKTeX\tex/generic/pgf/math\pgfmathpars
er.code.tex)
(C:\Users\Floris\AppData\Local\Programs\MiKTeX\tex/generic/pgf/math\pgfmathfunc
tions.code.tex)
(C:\Users\Floris\AppData\Local\Programs\MiKTeX\tex/generic/pgf/math\pgfmathfunc
tions.basic.code.tex)
(C:\Users\Floris\AppData\Local\Programs\MiKTeX\tex/generic/pgf/math\pgfmathfunc
tions.trigonometric.code.tex)
(C:\Users\Floris\AppData\Local\Programs\MiKTeX\tex/generic/pgf/math\pgfmathfunc
tions.random.code.tex)
(C:\Users\Floris\AppData\Local\Programs\MiKTeX\tex/generic/pgf/math\pgfmathfunc
tions.comparison.code.tex)
(C:\Users\Floris\AppData\Local\Programs\MiKTeX\tex/generic/pgf/math\pgfmathfunc
tions.base.code.tex)
(C:\Users\Floris\AppData\Local\Programs\MiKTeX\tex/generic/pgf/math\pgfmathfunc
tions.round.code.tex)
(C:\Users\Floris\AppData\Local\Programs\MiKTeX\tex/generic/pgf/math\pgfmathfunc
tions.misc.code.tex)
(C:\Users\Floris\AppData\Local\Programs\MiKTeX\tex/generic/pgf/math\pgfmathfunc
tions.integerarithmetics.code.tex)
(C:\Users\Floris\AppData\Local\Programs\MiKTeX\tex/generic/pgf/math\pgfmathcalc
.code.tex)
(C:\Users\Floris\AppData\Local\Programs\MiKTeX\tex/generic/pgf/math\pgfmathfloa
t.code.tex))
(C:\Users\Floris\AppData\Local\Programs\MiKTeX\tex/generic/pgf/math\pgfint.code
.tex)
(C:\Users\Floris\AppData\Local\Programs\MiKTeX\tex/generic/pgf/basiclayer\pgfco
repoints.code.tex)
(C:\Users\Floris\AppData\Local\Programs\MiKTeX\tex/generic/pgf/basiclayer\pgfco
repathconstruct.code.tex)
(C:\Users\Floris\AppData\Local\Programs\MiKTeX\tex/generic/pgf/basiclayer\pgfco
repathusage.code.tex)
(C:\Users\Floris\AppData\Local\Programs\MiKTeX\tex/generic/pgf/basiclayer\pgfco
rescopes.code.tex)
(C:\Users\Floris\AppData\Local\Programs\MiKTeX\tex/generic/pgf/basiclayer\pgfco
regraphicstate.code.tex)
(C:\Users\Floris\AppData\Local\Programs\MiKTeX\tex/generic/pgf/basiclayer\pgfco
retransformations.code.tex)
(C:\Users\Floris\AppData\Local\Programs\MiKTeX\tex/generic/pgf/basiclayer\pgfco
requick.code.tex)
(C:\Users\Floris\AppData\Local\Programs\MiKTeX\tex/generic/pgf/basiclayer\pgfco
reobjects.code.tex)
(C:\Users\Floris\AppData\Local\Programs\MiKTeX\tex/generic/pgf/basiclayer\pgfco
repathprocessing.code.tex)
(C:\Users\Floris\AppData\Local\Programs\MiKTeX\tex/generic/pgf/basiclayer\pgfco
rearrows.code.tex)
(C:\Users\Floris\AppData\Local\Programs\MiKTeX\tex/generic/pgf/basiclayer\pgfco
reshade.code.tex)
(C:\Users\Floris\AppData\Local\Programs\MiKTeX\tex/generic/pgf/basiclayer\pgfco
reimage.code.tex)
(C:\Users\Floris\AppData\Local\Programs\MiKTeX\tex/generic/pgf/basiclayer\pgfco
reexternal.code.tex)
(C:\Users\Floris\AppData\Local\Programs\MiKTeX\tex/generic/pgf/basiclayer\pgfco
relayers.code.tex)
(C:\Users\Floris\AppData\Local\Programs\MiKTeX\tex/generic/pgf/basiclayer\pgfco
retransparency.code.tex)
(C:\Users\Floris\AppData\Local\Programs\MiKTeX\tex/generic/pgf/basiclayer\pgfco
repatterns.code.tex)
(C:\Users\Floris\AppData\Local\Programs\MiKTeX\tex/generic/pgf/basiclayer\pgfco
rerdf.code.tex)))
(C:\Users\Floris\AppData\Local\Programs\MiKTeX\tex/generic/pgf/modules\pgfmodul
eshapes.code.tex)
(C:\Users\Floris\AppData\Local\Programs\MiKTeX\tex/generic/pgf/modules\pgfmodul
eplot.code.tex)
(C:\Users\Floris\AppData\Local\Programs\MiKTeX\tex/latex/pgf/compatibility\pgfc
omp-version-0-65.sty)
(C:\Users\Floris\AppData\Local\Programs\MiKTeX\tex/latex/pgf/compatibility\pgfc
omp-version-1-18.sty))
(C:\Users\Floris\AppData\Local\Programs\MiKTeX\tex/latex/pgf/utilities\pgffor.s
ty
(C:\Users\Floris\AppData\Local\Programs\MiKTeX\tex/latex/pgf/utilities\pgfkeys.
sty
(C:\Users\Floris\AppData\Local\Programs\MiKTeX\tex/generic/pgf/utilities\pgfkey
s.code.tex))
(C:\Users\Floris\AppData\Local\Programs\MiKTeX\tex/latex/pgf/math\pgfmath.sty
(C:\Users\Floris\AppData\Local\Programs\MiKTeX\tex/generic/pgf/math\pgfmath.cod
e.tex))
(C:\Users\Floris\AppData\Local\Programs\MiKTeX\tex/generic/pgf/utilities\pgffor
.code.tex))
(C:\Users\Floris\AppData\Local\Programs\MiKTeX\tex/generic/pgf/frontendlayer/ti
kz\tikz.code.tex
(C:\Users\Floris\AppData\Local\Programs\MiKTeX\tex/generic/pgf/libraries\pgflib
raryplothandlers.code.tex)
(C:\Users\Floris\AppData\Local\Programs\MiKTeX\tex/generic/pgf/modules\pgfmodul
ematrix.code.tex)
(C:\Users\Floris\AppData\Local\Programs\MiKTeX\tex/generic/pgf/frontendlayer/ti
kz/libraries\tikzlibrarytopaths.code.tex)))
(C:\Users\Floris\AppData\Local\Programs\MiKTeX\tex/latex/tools\verbatim.sty)
(C:\Users\Floris\AppData\Local\Programs\MiKTeX\tex/latex/environ\environ.sty
(C:\Users\Floris\AppData\Local\Programs\MiKTeX\tex/latex/trimspaces\trimspaces.
sty)))
(C:\Users\Floris\AppData\Local\Programs\MiKTeX\tex/latex/tcolorbox\tcbskins.cod
e.tex
Library (tcolorbox): 'tcbskins.code.tex' version '6.9.0'

(C:\Users\Floris\AppData\Local\Programs\MiKTeX\tex/latex/tikzfill\tikzfill.imag
e.sty
(C:\Users\Floris\AppData\Local\Programs\MiKTeX\tex/latex/tikzfill\tikzlibraryfi
ll.image.code.tex))
(C:\Users\Floris\AppData\Local\Programs\MiKTeX\tex/latex/tcolorbox\tcbskinsjigs
aw.code.tex
Library (tcolorbox): 'tcbskinsjigsaw.code.tex' version '6.9.0'
))
(C:\Users\Floris\AppData\Local\Programs\MiKTeX\tex/latex/tcolorbox\tcbbreakable
.code.tex
Library (tcolorbox): 'tcbbreakable.code.tex' version '6.9.0'
(C:\Users\Floris\AppData\Local\Programs\MiKTeX\tex/latex/pdfcol\pdfcol.sty
(C:\Users\Floris\AppData\Local\Programs\MiKTeX\tex/generic/ltxcmds\ltxcmds.sty)

(C:\Users\Floris\AppData\Local\Programs\MiKTeX\tex/generic/infwarerr\infwarerr.
sty)))
(C:\Users\Floris\AppData\Local\Programs\MiKTeX\tex/latex/tcolorbox\tcbraster.co
de.tex
Library (tcolorbox): 'tcbraster.code.tex' version '6.9.0'
)
(C:\Users\Floris\AppData\Local\Programs\MiKTeX\tex/latex/tcolorbox\tcbxparse.co
de.tex
Library (tcolorbox): 'tcbxparse.code.tex' version '6.9.0'

(C:\Users\Floris\AppData\Local\Programs\MiKTeX\tex/latex/l3packages/xparse\xpar
se.sty
(C:\Users\Floris\AppData\Local\Programs\MiKTeX\tex/latex/l3kernel\expl3.sty
(C:\Users\Floris\AppData\Local\Programs\MiKTeX\tex/latex/l3backend\l3backend-xe
tex.def))))
(C:\Users\Floris\AppData\Local\Programs\MiKTeX\tex/generic/pgf/frontendlayer/ti
kz/libraries\tikzlibrarycalc.code.tex)
(C:\Users\Floris\AppData\Local\Programs\MiKTeX\tex/latex/xstring\xstring.sty
(C:\Users\Floris\AppData\Local\Programs\MiKTeX\tex/generic/xstring\xstring.tex)
)

Package geometry Warning: Over-specification in `h'-direction.
    `width' (340.0pt) is ignored.


Package geometry Warning: Over-specification in `v'-direction.
    `height' (650.43pt) is ignored.

(C:\Users\Floris\AppData\Local\Programs\MiKTeX\tex/latex/xltxtra\xltxtra.sty
(C:\Users\Floris\AppData\Local\Programs\MiKTeX\tex/latex/fontspec\fontspec.sty
(C:\Users\Floris\AppData\Local\Programs\MiKTeX\tex/latex/fontspec\fontspec-xete
x.sty (C:\Users\Floris\AppData\Local\Programs\MiKTeX\tex/latex/base\fontenc.sty
)
(C:\Users\Floris\AppData\Local\Programs\MiKTeX\tex/latex/fontspec\fontspec.cfg)
))
(C:\Users\Floris\AppData\Local\Programs\MiKTeX\tex/latex/realscripts\realscript
s.sty)
(C:\Users\Floris\AppData\Local\Programs\MiKTeX\tex/latex/metalogo\metalogo.sty)
) (C:\Users\Floris\AppData\Local\Programs\MiKTeX\tex/latex/inconsolata\zi4.sty
`inconsolata-zi4' v1.12, 2019/05/17 Text macros for Inconsolata (msharpe)
(C:\Users\Floris\AppData\Local\Programs\MiKTeX\tex/latex/base\textcomp.sty)
(C:\Users\Floris\AppData\Local\Programs\MiKTeX\tex/latex/xkeyval\xkeyval.sty
(C:\Users\Floris\AppData\Local\Programs\MiKTeX\tex/generic/xkeyval\xkeyval.tex
(C:\Users\Floris\AppData\Local\Programs\MiKTeX\tex/generic/xkeyval\xkvutils.tex
))))
(C:\Users\Floris\AppData\Local\Programs\MiKTeX\tex/latex/polyglossia\polyglossi
a.sty
(C:\Users\Floris\AppData\Local\Programs\MiKTeX\tex/latex/polyglossia\gloss-late
x.ldf))
(C:\Users\Floris\AppData\Local\Programs\MiKTeX\tex/latex/polyglossia\gloss-engl
ish.ldf)
(C:\Users\Floris\AppData\Local\Programs\MiKTeX\tex/latex/microtype\microtype.st
y
(C:\Users\Floris\AppData\Local\Programs\MiKTeX\tex/latex/microtype\microtype-xe
tex.def)
(C:\Users\Floris\AppData\Local\Programs\MiKTeX\tex/latex/microtype\microtype.cf
g))
(C:\Users\Floris\AppData\Local\Programs\MiKTeX\tex/latex/amsmath\amsmath.sty
For additional information on amsmath, use the `?' option.
(C:\Users\Floris\AppData\Local\Programs\MiKTeX\tex/latex/amsmath\amstext.sty
(C:\Users\Floris\AppData\Local\Programs\MiKTeX\tex/latex/amsmath\amsgen.sty))
(C:\Users\Floris\AppData\Local\Programs\MiKTeX\tex/latex/amsmath\amsbsy.sty)
(C:\Users\Floris\AppData\Local\Programs\MiKTeX\tex/latex/amsmath\amsopn.sty))
(C:\Users\Floris\AppData\Local\Programs\MiKTeX\tex/latex/amsmath\amscd.sty)
(C:\Users\Floris\AppData\Local\Programs\MiKTeX\tex/latex/amsfonts\amssymb.sty
(C:\Users\Floris\AppData\Local\Programs\MiKTeX\tex/latex/amsfonts\amsfonts.sty)
)
(C:\Users\Floris\AppData\Local\Programs\MiKTeX\tex/latex/titlesec\titlesec.sty
(C:\Users\Floris\AppData\Local\Programs\MiKTeX\tex/latex/titlesec\titleps.sty))
(C:\Users\Floris\AppData\Local\Programs\MiKTeX\tex/latex/titlesec\titletoc.sty)
(C:\Users\Floris\AppData\Local\Programs\MiKTeX\tex/latex/enumitem\enumitem.sty)
(C:\Users\Floris\AppData\Local\Programs\MiKTeX\tex/latex/imakeidx\imakeidx.sty
(C:\Users\Floris\AppData\Local\Programs\MiKTeX\tex/latex/tools\multicol.sty))
Writing index file chapters_01_07_reader.idx
(C:\Users\Floris\AppData\Local\Programs\MiKTeX\tex/latex/hyperref\hyperref.sty
(C:\Users\Floris\AppData\Local\Programs\MiKTeX\tex/latex/kvsetkeys\kvsetkeys.st
y)
(C:\Users\Floris\AppData\Local\Programs\MiKTeX\tex/generic/kvdefinekeys\kvdefin
ekeys.sty)
(C:\Users\Floris\AppData\Local\Programs\MiKTeX\tex/generic/pdfescape\pdfescape.
sty
(C:\Users\Floris\AppData\Local\Programs\MiKTeX\tex/generic/pdftexcmds\pdftexcmd
s.sty))
(C:\Users\Floris\AppData\Local\Programs\MiKTeX\tex/latex/hycolor\hycolor.sty)
(C:\Users\Floris\AppData\Local\Programs\MiKTeX\tex/latex/hyperref\nameref.sty
(C:\Users\Floris\AppData\Local\Programs\MiKTeX\tex/latex/refcount\refcount.sty)

(C:\Users\Floris\AppData\Local\Programs\MiKTeX\tex/generic/gettitlestring\getti
tlestring.sty
(C:\Users\Floris\AppData\Local\Programs\MiKTeX\tex/latex/kvoptions\kvoptions.st
y)))
(C:\Users\Floris\AppData\Local\Programs\MiKTeX\tex/generic/stringenc\stringenc.
sty)
(C:\Users\Floris\AppData\Local\Programs\MiKTeX\tex/latex/hyperref\pd1enc.def)
(C:\Users\Floris\AppData\Local\Programs\MiKTeX\tex/generic/intcalc\intcalc.sty)
(C:\Users\Floris\AppData\Local\Programs\MiKTeX\tex/latex/hyperref\puenc.def)
(C:\Users\Floris\AppData\Local\Programs\MiKTeX\tex/latex/url\url.sty)
(C:\Users\Floris\AppData\Local\Programs\MiKTeX\tex/generic/bitset\bitset.sty
(C:\Users\Floris\AppData\Local\Programs\MiKTeX\tex/generic/bigintcalc\bigintcal
c.sty)))
(C:\Users\Floris\AppData\Local\Programs\MiKTeX\tex/latex/hyperref\hxetex.def
(C:\Users\Floris\AppData\Local\Programs\MiKTeX\tex/latex/rerunfilecheck\rerunfi
lecheck.sty
(C:\Users\Floris\AppData\Local\Programs\MiKTeX\tex/generic/uniquecounter\unique
counter.sty)))
(C:\Users\Floris\AppData\Local\Programs\MiKTeX\tex/latex/extpfeil\extpfeil.sty
(C:\Users\Floris\AppData\Local\Programs\MiKTeX\tex/latex/mathtools\mathtools.st
y (C:\Users\Floris\AppData\Local\Programs\MiKTeX\tex/latex/tools\calc.sty)
(C:\Users\Floris\AppData\Local\Programs\MiKTeX\tex/latex/mathtools\mhsetup.sty)
)
(C:\Users\Floris\AppData\Local\Programs\MiKTeX\tex/latex/stmaryrd\stmaryrd.sty)
) (chapters_01_07_reader.aux)
*geometry* driver: auto-detecting
*geometry* detected driver: xetex
(C:\Users\Floris\AppData\Local\Programs\MiKTeX\tex/latex/upquote\upquote.sty)
(C:\Users\Floris\AppData\Local\Programs\MiKTeX\tex/latex/microtype\mt-LatinMode
rnRoman.cfg) (chapters_01_07_reader.out) (chapters_01_07_reader.out) [1]
[2] [3]
************************************************
Preface Catatan edisi Bahasa Indonesia
************************************************
[4] (chapters_01_07_reader.toc [5]) [6]
************************************************
Bagian I Himpunan, Fungsi, Ruang Metrik, dan Penerapannya
************************************************
[1]
************************************************
Bab 1 Himpunan
************************************************
Chapter 1.
************************************************
Bagian Pendahuluan
************************************************
(C:\Users\Floris\AppData\Local\Programs\MiKTeX\tex/latex/amsfonts\umsa.fd)
(C:\Users\Floris\AppData\Local\Programs\MiKTeX\tex/latex/microtype\mt-msa.cfg)
(C:\Users\Floris\AppData\Local\Programs\MiKTeX\tex/latex/amsfonts\umsb.fd)
(C:\Users\Floris\AppData\Local\Programs\MiKTeX\tex/latex/microtype\mt-msb.cfg)
(C:\Users\Floris\AppData\Local\Programs\MiKTeX\tex/latex/stmaryrd\ustmry.fd)
(C:\Users\Floris\AppData\Local\Programs\MiKTeX\tex/latex/microtype\mt-cmr.cfg)
[2]
************************************************
Bagian Gagasan Dasar Topologi
************************************************
[3]
************************************************
Bagian Interval
************************************************
************************************************
Bagian Gabungan, Irisan, dan Komplemen Himpunan
************************************************
[4] [5] [6] [7]
************************************************
Bagian Hasil Kali Kartesius Himpunan
************************************************
[8]
************************************************
Bagian Ringkasan
************************************************
[9]
************************************************
Latihan Latihan
************************************************
[10] [11]
************************************************
Bab 2 Fungsi
************************************************
[12]
Chapter 2.
************************************************
Bagian Pendahuluan
************************************************
[13] [14]
************************************************
Bagian Komposisi Fungsi
************************************************
[15] [16]
************************************************
Bagian Fungsi Invers
************************************************
[17] [18]
************************************************
Bagian Fungsi dan Himpunan
************************************************
[19]
************************************************
Bagian Kardinalitas Himpunan
************************************************
[20]
************************************************
Bagian Ringkasan
************************************************
[21]
************************************************
Latihan Latihan
************************************************
[22] [23] [24] [25]
************************************************
Bab 3 Ruang Metrik
************************************************
[26]
Chapter 3.
************************************************
Bagian Pendahuluan
************************************************
[27] [28]
************************************************
Bagian Ruang Metrik
************************************************
[29] [30]
************************************************
Bagian Metrik Euklides pada \(\mathbb {R}^n\)
************************************************
[31] [32] [33]
************************************************
Bagian Ringkasan
************************************************
[34]
************************************************
Latihan Latihan
************************************************
[35] [36] [37] [38]
************************************************
Bab 4 Penerapan Ruang Metrik
************************************************
[39]
Chapter 4.
************************************************
Bagian Pendahuluan
************************************************
************************************************
Bagian Metrik Hamming
************************************************
[40]
************************************************
Bagian Metrik Levenshtein
************************************************
[41]
************************************************
Bab 5 Batas Bawah Terbesar
************************************************
[42]
Chapter 5.
************************************************
Bagian Pendahuluan
************************************************
[43]
************************************************
Bagian Jarak dari Titik ke Himpunan
************************************************
[44]
************************************************
Bagian Ringkasan
************************************************
[45]
************************************************
Latihan Latihan
************************************************
[46] [47]
Underfull \hbox (badness 1043) in paragraph at lines 2886--2887
[]\TU/lmr/m/n/10 Langkah pertama adalah menunjukkan keberadaan suatu bilangan i
rasional. Kita akan
[48]
************************************************
Bab 6 Fungsi Kontinu di Ruang Metrik
************************************************
[49]
Chapter 6.
************************************************
Bagian Pendahuluan
************************************************
[50] [51]
************************************************
Bagian Fungsi Kontinu antara Ruang-Ruang Metrik
************************************************
[52] [53]
************************************************
Bagian Komposit Fungsi Kontinu
************************************************
[54]
************************************************
Bagian Ringkasan
************************************************
************************************************
Latihan Latihan
************************************************
[55] [56] [57]
************************************************
Bab 7 Bola Terbuka dan Lingkungan pada Ruang Metrik
************************************************
[58]
Chapter 7.
************************************************
Bagian Pendahuluan
************************************************
[59]
************************************************
Bagian Lingkungan
************************************************
[60]
************************************************
Bagian Kekontinuan dan Lingkungan
************************************************
[61] [62]
************************************************
Bagian Ringkasan
************************************************
************************************************
Latihan Latihan
************************************************
[63] [64] [65] [66] [67]
************************************************
Lampiran A Pendamping Mandiri Bab 1: Himpunan
************************************************
Appendix A.

Overfull \hbox (9.81952pt too wide) in paragraph at lines 3573--3573
|\TU/lmr/bx/n/24.88 Pendamping Mandiri Bab 1: Himpunan| 
************************************************
Bagian Pemeriksaan aktivitas
************************************************
[68] [69]
Overfull \hbox (6.48035pt too wide) in paragraph at lines 3660--3662
\TU/lmr/bx/n/10 Jawaban\TU/lmr/m/n/10 .[] Hasilnya ialah $\OMS/cmsy/m/n/10 f\OT
1/cmr/m/n/10 ([]\OML/cmm/m/it/10 ; []\OT1/cmr/m/n/10 )\OML/cmm/m/it/10 ; \OT1/c
mr/m/n/10 ([]\OML/cmm/m/it/10 ; []\OT1/cmr/m/n/10 )\OML/cmm/m/it/10 ; \OT1/cmr/
m/n/10 ([]\OML/cmm/m/it/10 ; []\OT1/cmr/m/n/10 )\OML/cmm/m/it/10 ; \OT1/cmr/m/n
/10 ([]\OML/cmm/m/it/10 ; []\OT1/cmr/m/n/10 )\OML/cmm/m/it/10 ; \OT1/cmr/m/n/10
 ([]\OML/cmm/m/it/10 ; []\OT1/cmr/m/n/10 )\OML/cmm/m/it/10 ; \OT1/cmr/m/n/10 ([
]\OML/cmm/m/it/10 ; []\OT1/cmr/m/n/10 )\OMS/cmsy/m/n/10 g$\TU/lmr/m/n/10 .
************************************************
Bagian Jawaban dan panduan sepuluh latihan
************************************************
[70] [71]
************************************************
Bagian Uji penguasaan
************************************************
[72]
************************************************
Bagian Diagnostik kesalahan ringkas
************************************************
[73]
************************************************
Lampiran B Pendamping Mandiri Bab 2: Fungsi
************************************************
[74]
Appendix B.
************************************************
Bagian Pemeriksaan eksplorasi dan aktivitas
************************************************
[75] [76]
************************************************
Bagian Uji penguasaan
************************************************
[77] [78]
************************************************
Bagian Diagnostik kesalahan ringkas
************************************************
************************************************
Bagian Panduan dan pembahasan tujuh belas latihan
************************************************
[79] [80] [81] [82] [83] [84]
************************************************
Lampiran C Pendamping Mandiri Bab 3: Ruang Metrik
************************************************
[85]
Appendix C.
************************************************
Bagian Pemeriksaan eksplorasi dan aktivitas
************************************************
[86] [87]
************************************************
Bagian Uji penguasaan
************************************************
[88] [89]
************************************************
Bagian Diagnostik kesalahan ringkas
************************************************
************************************************
Bagian Panduan dan pembahasan empat belas latihan
************************************************
[90] [91] [92] [93]
************************************************
Lampiran D Pendamping Mandiri Bab 4: Penerapan Ruang Metrik
************************************************
[94]
Appendix D.

Overfull \hbox (10.19273pt too wide) in paragraph at lines 4707--4707
|\TU/lmr/bx/n/24.88 Pendamping Mandiri Bab 4: Penerapan
************************************************
Bagian Panduan untuk tugas sumber
************************************************
[95] [96] [97]
************************************************
Bagian Uji penguasaan
************************************************
[98]
************************************************
Lampiran E Pendamping Mandiri Bab 5: Batas Bawah Terbesar
************************************************
[99]
Appendix E.
************************************************
Bagian Panduan untuk kegiatan pendahuluan
************************************************
[100] [101]
************************************************
Bagian Panduan untuk jarak titik ke himpunan
************************************************
[102]
************************************************
Bagian Panduan latihan sumber, bagian pertama
************************************************
[103] [104] [105] [106] [107] [108]
************************************************
Bagian Panduan latihan sumber, bagian kedua
************************************************
[109] [110] [111] [112] [113] [114]
************************************************
Bagian Pemeriksaan penguasaan dan transfer
************************************************
[115] [116] [117]
************************************************
Lampiran F Pendamping Mandiri Bab 6: Fungsi Kontinu pada Ruang Metrik
************************************************
[118]
Appendix F.
************************************************
Bagian Panduan kegiatan sumber
************************************************
[119] [120] [121] [122]
************************************************
Bagian Panduan latihan sumber, bagian pertama
************************************************
[123] [124] [125]
************************************************
Bagian Panduan latihan sumber, bagian kedua
************************************************
[126] [127] [128] [129] [130]
************************************************
Bagian Pemeriksaan penguasaan dan transfer
************************************************
[131] [132] [133]
************************************************
Lampiran G Pendamping Mandiri Bab 7: Bola Terbuka dan Lingkungan
************************************************
[134]
Appendix G.

Underfull \hbox (badness 1158) in paragraph at lines 6535--6535
|\TU/lmr/bx/n/24.88 Pendamping Mandiri Bab 7: Bola
************************************************
Bagian Panduan kegiatan sumber
************************************************
[135] [136] [137] [138]
Overfull \hbox (4.59637pt too wide) in paragraph at lines 6741--6743
[]\TU/lmr/bx/n/10 Pemeriksaan G.15  Membuka definisi lingkungan prapeta. []\TU/
lmr/m/n/10 Uraikan kesimpulan bahwa $\OML/cmm/m/it/10 f[]\OT1/cmr/m/n/10 (\OML/
cmm/m/it/10 B\OT1/cmr/m/n/10 (\OML/cmm/m/it/10 f\OT1/cmr/m/n/10 (\OML/cmm/m/it/
10 a\OT1/cmr/m/n/10 )\OML/cmm/m/it/10 ; ^^O\OT1/cmr/m/n/10 ))$
************************************************
Bagian Panduan latihan sumber, bagian pertama
************************************************
[139] [140] [141] [142] [143]
************************************************
Bagian Panduan latihan sumber, bagian kedua
************************************************
[144] [145] [146]
************************************************
Bagian Pemeriksaan penguasaan Bab 7
************************************************
[147] [148] [149]This is makeindex, version 2.18 [MiKTeX 26.5].
Scanning input file chapters_01_07_reader.idx....done (47 entries accepted, 0 rejected).
Sorting entries....done (271 comparisons).
Generating output file chapters_01_07_reader.ind....done (84 lines written, 0 warnings).
Output written in chapters_01_07_reader.ind.
Transcript written in chapters_01_07_reader.ilg.
 (chapters_01_07_reader.ind) [150] (chapters_01_07_reader.aux)
 )
(see the transcript file for additional information)
Output written on chapters_01_07_reader.pdf (156 pages).
Transcript written on chapters_01_07_reader.log.
Removing temporary directory C:\Users\Floris\AppData\Local\Temp\tmpxk_tjhox

Success! Run `pretext view chapters01-07-pdf` to see the results.
PDF PAGE LABELS NORMALIZED: lowercase Roman through physical page 6; Arabic 1 begins on physical page 7.
PDF URI TARGETS REWRITTEN: external/o003-epsilon-delta-lab.html -> https://kokunoyumeto.github.io/topology-an-inquiry-based-approach-id/external/o003-epsilon-delta-lab.html (2 annotations).
